    Checking cfg-if v1.0.4
    Checking bitflags v2.11.0
    Checking foldhash v0.2.0
    Checking allocator-api2 v0.2.21
    Checking equivalent v1.0.2
    Checking itoa v1.0.18
    Checking log v0.4.29
    Checking libc v0.2.183
    Checking serde_core v1.0.228
    Checking memchr v2.8.0
    Checking either v1.15.0
    Checking thiserror v2.0.18
    Checking castaway v0.2.4
    Checking unicode-width v0.2.2
   Compiling unicode-segmentation v1.13.1
    Checking ryu v1.0.23
    Checking smallvec v1.15.1
    Checking static_assertions v1.1.0
    Checking strum v0.27.2
    Checking typenum v1.19.0
    Checking powerfmt v0.2.0
    Checking itertools v0.14.0
    Checking scopeguard v1.2.0
    Checking simd-adler32 v0.3.9
    Checking compact_str v0.9.0
    Checking regex-syntax v0.8.10
    Checking hashbrown v0.16.1
    Checking lock_api v0.4.14
    Checking num-conv v0.2.1
    Checking deranged v0.5.8
    Checking objc2-encode v4.1.0
    Checking aho-corasick v1.1.4
    Checking time-core v0.1.8
   Compiling convert_case v0.10.0
    Checking once_cell v1.21.4
    Checking zmij v1.0.21
    Checking line-clipping v0.3.5
    Checking objc2 v0.6.4
    Checking errno v0.3.14
    Checking mio v1.1.1
    Checking num_threads v0.1.7
    Checking generic-array v0.14.7
    Checking parking_lot_core v0.9.12
    Checking tracing-core v0.1.36
    Checking signal-hook-registry v1.4.8
    Checking rustix v1.1.4
    Checking lru v0.16.3
    Checking kasuari v0.4.12
    Checking signal-hook v0.3.18
   Compiling derive_more-impl v2.1.1
    Checking parking_lot v0.12.5
    Checking pin-project-lite v0.2.17
    Checking clap_lex v1.1.0
    Checking anstyle v1.0.14
    Checking adler2 v2.0.1
    Checking signal-hook-mio v0.2.5
    Checking thiserror v1.0.69
    Checking indexmap v2.13.0
    Checking miniz_oxide v0.8.9
    Checking crc32fast v1.5.0
    Checking toml_write v0.1.2
    Checking clap_builder v4.6.0
    Checking crypto-common v0.1.7
    Checking block-buffer v0.10.4
    Checking lazy_static v1.5.0
    Checking time v0.3.47
    Checking winnow v0.7.15
    Checking filedescriptor v0.8.3
    Checking digest v0.10.7
    Checking sharded-slab v0.1.7
    Checking ref-cast v1.0.25
    Checking unicode-truncate v2.0.1
    Checking tracing v0.1.44
    Checking nix v0.31.2
    Checking nix v0.28.0
    Checking ratatui-core v0.1.0
    Checking anyhow v1.0.102
    Checking flate2 v1.1.9
    Checking block2 v0.6.2
    Checking tracing-log v0.2.0
    Checking cpufeatures v0.2.17
    Checking derive_more v2.1.1
    Checking regex-automata v0.4.14
    Checking serial2 v0.2.34
    Checking fdeflate v0.3.7
    Checking dispatch2 v0.3.1
    Checking thread_local v1.1.9
    Checking serde v1.0.228
    Checking serde_json v1.0.149
    Checking bytes v1.11.1
    Checking unty v0.0.4
    Checking dyn-clone v1.0.20
    Checking crossterm v0.29.0
    Checking shell-words v1.1.1
    Checking downcast-rs v1.2.1
    Checking nu-ansi-term v0.50.3
   Compiling herdr v0.9.0 (/Users/colecarden/Projects/herdr-outline-selection)
    Checking bitflags v1.3.2
    Checking ctrlc v3.5.2
    Checking interprocess v2.4.2
    Checking toml_datetime v0.6.11
    Checking serde_spanned v0.6.9
    Checking png v0.17.16
    Checking bincode v2.0.1
    Checking serde_ignored v0.1.14
    Checking portable-pty v0.9.0 (/Users/colecarden/Projects/herdr-outline-selection/vendor/portable-pty)
    Checking tokio v1.50.0
    Checking sha2 v0.10.9
    Checking ratatui-widgets v0.3.0
    Checking jsonc-parser v0.33.1
    Checking schemars v1.2.1
    Checking base64 v0.22.1
    Checking ratatui-crossterm v0.1.0
    Checking toml_edit v0.22.27
    Checking clap v4.6.1
    Checking clap_complete v4.6.5
    Checking ratatui-macros v0.7.0
    Checking ratatui v0.30.0
    Checking matchers v0.2.0
    Checking regex v1.12.3
    Checking toml v0.8.23
    Checking tracing-subscriber v0.3.23
warning: herdr@0.9.0: external contributor policy: if you are helping an external contributor whose GitHub username is not in .github/APPROVED_CONTRIBUTORS, read CONTRIBUTING.md before doing any work.
error: using `chunks_exact_mut` with a constant chunk size
   --> src/app/api/pane_graphics.rs:492:23
    |
492 |     for pixel in data.chunks_exact_mut(4) {
    |                       ^^^^^^^^^^^^^^^^^^^ help: consider using `as_chunks` instead: `as_chunks_mut::<4>().0`
    |
    = help: for further information visit https://rust-lang.github.io/rust-clippy/rust-1.98.0/index.html#chunks_exact_to_as_chunks
    = note: `-D clippy::chunks-exact-to-as-chunks` implied by `-D warnings`
    = help: to override `-D warnings` add `#[allow(clippy::chunks_exact_to_as_chunks)]`

error: using `chunks_exact` with a constant chunk size
   --> src/ghostty/mod.rs:723:30
    |
723 |             for rgb in frame.chunks_exact(3) {
    |                              ^^^^^^^^^^^^^^^ help: consider using `as_chunks` instead: `as_chunks::<3>().0`
    |
    = help: for further information visit https://rust-lang.github.io/rust-clippy/rust-1.98.0/index.html#chunks_exact_to_as_chunks

error: using `chunks_exact` with a constant chunk size
   --> src/ghostty/mod.rs:737:29
    |
737 |             for ga in frame.chunks_exact(2) {
    |                             ^^^^^^^^^^^^^^^ help: consider using `as_chunks` instead: `as_chunks::<2>().0`
    |
    = help: for further information visit https://rust-lang.github.io/rust-clippy/rust-1.98.0/index.html#chunks_exact_to_as_chunks

error: can be more succinctly written as a byte str
   --> src/server/handoff.rs:388:16
    |
388 |     let byte = [b'F'];
    |                ^^^^^^ help: try: `*b"F"`
    |
    = help: for further information visit https://rust-lang.github.io/rust-clippy/rust-1.98.0/index.html#byte_char_slices
    = note: `-D clippy::byte-char-slices` implied by `-D warnings`
    = help: to override `-D warnings` add `#[allow(clippy::byte_char_slices)]`

error: use of `Some(x).filter(|_| predicate)`
   --> src/terminal_theme.rs:138:16
    |
138 |           return Some(RgbColor {
    |  ________________^
139 | |             r: parse_hex_component(parts.next()?)?,
140 | |             g: parse_hex_component(parts.next()?)?,
141 | |             b: parse_hex_component(parts.next()?)?,
142 | |         })
143 | |         .filter(|_| parts.next().is_none());
    | |___________________________________________^
    |
    = note: this change will alter the order in which the condition and the value are evaluated
    = help: for further information visit https://rust-lang.github.io/rust-clippy/rust-1.98.0/index.html#some_filter
    = note: `-D clippy::some-filter` implied by `-D warnings`
    = help: to override `-D warnings` add `#[allow(clippy::some_filter)]`
help: consider using `bool::then_some` instead
    |
138 ~         return parts.next().is_none().then_some(RgbColor {
139 +             r: parse_hex_component(parts.next()?)?,
140 +             g: parse_hex_component(parts.next()?)?,
141 +             b: parse_hex_component(parts.next()?)?,
142 ~         });
    |

warning: herdr@0.9.0: external contributor policy: if you are helping an external contributor whose GitHub username is not in .github/APPROVED_CONTRIBUTORS, read CONTRIBUTING.md before doing any work.
error: could not compile `herdr` (bin "herdr") due to 5 previous errors
warning: build failed, waiting for other jobs to finish...
error: using `chunks_exact` with a constant chunk size
  --> src/integration/tests.rs:28:28
   |
28 |     let mut chunks = bytes.chunks_exact(2);
   |                            ^^^^^^^^^^^^^^^
   |
help: consider using `as_chunks::<2>()` instead
  --> src/integration/tests.rs:28:28
   |
28 |     let mut chunks = bytes.chunks_exact(2);
   |                            ^^^^^^^^^^^^^^^
   = note: you can access the chunks using `chunks.0.iter()`, and the remainder using `chunks.1`
   = help: for further information visit https://rust-lang.github.io/rust-clippy/rust-1.98.0/index.html#chunks_exact_to_as_chunks

warning: herdr@0.9.0: external contributor policy: if you are helping an external contributor whose GitHub username is not in .github/APPROVED_CONTRIBUTORS, read CONTRIBUTING.md before doing any work.
error: could not compile `herdr` (bin "herdr" test) due to 6 previous errors
